// Jest Snapshot v1, https://goo.gl/fbAQLP

exports[`NewPoll Render the New PollPage component 1`] = `
Object {
  "asFragment": [Function],
  "baseElement": <body>
    <div>
      <div
        class="poll-div"
      >
        <h3
          data-testid="poll-div-comp"
        >
          Would You Rather
        </h3>
        <h6>
          Create Your Own Poll
        </h6>
        <form
          class="form-div"
        >
          <div
            class="label-input-dev"
          >
            <label
              class="label"
              data-testid="label-first-option"
              for="firstOption"
            >
              First Option
            </label>
            <div>
              <input
                class="input"
                data-testid="input-first-option"
                id="firstOption"
                placeholder="Option One"
                type="text"
                value=""
              />
            </div>
          </div>
          <div
            class="label-input-dev"
          >
            <label
              data-testid="label-second-option"
              for="secondOption"
            >
              Second Option
            </label>
            <div>
              <input
                class="input"
                data-testid="input-second-option"
                id="secondOption"
                placeholder="Option Two"
                type="text"
                value=""
              />
            </div>
          </div>
          <div
            class="submit-btn-poll"
          >
            <button
              class="disable-submit"
              data-testid="submit-button"
              type="submit"
            >
              Submit
            </button>
          </div>
        </form>
      </div>
    </div>
  </body>,
  "container": <div>
    <div
      class="poll-div"
    >
      <h3
        data-testid="poll-div-comp"
      >
        Would You Rather
      </h3>
      <h6>
        Create Your Own Poll
      </h6>
      <form
        class="form-div"
      >
        <div
          class="label-input-dev"
        >
          <label
            class="label"
            data-testid="label-first-option"
            for="firstOption"
          >
            First Option
          </label>
          <div>
            <input
              class="input"
              data-testid="input-first-option"
              id="firstOption"
              placeholder="Option One"
              type="text"
              value=""
            />
          </div>
        </div>
        <div
          class="label-input-dev"
        >
          <label
            data-testid="label-second-option"
            for="secondOption"
          >
            Second Option
          </label>
          <div>
            <input
              class="input"
              data-testid="input-second-option"
              id="secondOption"
              placeholder="Option Two"
              type="text"
              value=""
            />
          </div>
        </div>
        <div
          class="submit-btn-poll"
        >
          <button
            class="disable-submit"
            data-testid="submit-button"
            type="submit"
          >
            Submit
          </button>
        </div>
      </form>
    </div>
  </div>,
  "debug": [Function],
  "findAllByAltText": [Function],
  "findAllByDisplayValue": [Function],
  "findAllByLabelText": [Function],
  "findAllByPlaceholderText": [Function],
  "findAllByRole": [Function],
  "findAllByTestId": [Function],
  "findAllByText": [Function],
  "findAllByTitle": [Function],
  "findByAltText": [Function],
  "findByDisplayValue": [Function],
  "findByLabelText": [Function],
  "findByPlaceholderText": [Function],
  "findByRole": [Function],
  "findByTestId": [Function],
  "findByText": [Function],
  "findByTitle": [Function],
  "getAllByAltText": [Function],
  "getAllByDisplayValue": [Function],
  "getAllByLabelText": [Function],
  "getAllByPlaceholderText": [Function],
  "getAllByRole": [Function],
  "getAllByTestId": [Function],
  "getAllByText": [Function],
  "getAllByTitle": [Function],
  "getByAltText": [Function],
  "getByDisplayValue": [Function],
  "getByLabelText": [Function],
  "getByPlaceholderText": [Function],
  "getByRole": [Function],
  "getByTestId": [Function],
  "getByText": [Function],
  "getByTitle": [Function],
  "queryAllByAltText": [Function],
  "queryAllByDisplayValue": [Function],
  "queryAllByLabelText": [Function],
  "queryAllByPlaceholderText": [Function],
  "queryAllByRole": [Function],
  "queryAllByTestId": [Function],
  "queryAllByText": [Function],
  "queryAllByTitle": [Function],
  "queryByAltText": [Function],
  "queryByDisplayValue": [Function],
  "queryByLabelText": [Function],
  "queryByPlaceholderText": [Function],
  "queryByRole": [Function],
  "queryByTestId": [Function],
  "queryByText": [Function],
  "queryByTitle": [Function],
  "rerender": [Function],
  "unmount": [Function],
}
`;
